// Jest Snapshot v1, https://goo.gl/fbAQLP

exports[`Color renders 1`] = `
<div
  style={
    Object {
      "backgroundColor": "purple",
      "height": "100vh",
      "width": "100vw",
    }
  }
/>
`;
