// Jest Snapshot v1, https://goo.gl/fbAQLP

exports[`header renders 1`] = `
<header>
  <nav>
    <Link
      to="/red"
    >
      Red
    </Link>
    <Link
      to="/blue"
    >
      blue
    </Link>
    <Link
      to="/yellow"
    >
      yellow
    </Link>
  </nav>
</header>
`;
